
> frontend@0.0.0 build
> vite build

[36mvite v7.3.3 [32mbuilding client environment for production...[36m[39m
transforming...
[32m✓[39m 27 modules transformed.
[31m✗[39m Build failed in 207ms
[31merror during build:
[31m[vite]: Rollup failed to resolve import "prop-types" from "C:/Users/USUARIO/Desktop/CODIGO/ANTIGRAVITY/PROYECTO FISCALIA/dashboard/frontend/node_modules/react-simple-maps/dist/index.es.js".
This is most likely unintended because it can break your application at runtime.
If you do want to externalize this module explicitly add it to
`build.rollupOptions.external`[31m
    at viteLog (file:///C:/Users/USUARIO/Desktop/CODIGO/ANTIGRAVITY/PROYECTO%20FISCALIA/dashboard/frontend/node_modules/vite/dist/node/chunks/config.js:33655:57)
    at file:///C:/Users/USUARIO/Desktop/CODIGO/ANTIGRAVITY/PROYECTO%20FISCALIA/dashboard/frontend/node_modules/vite/dist/node/chunks/config.js:33689:73
    at onwarn (file:///C:/Users/USUARIO/Desktop/CODIGO/ANTIGRAVITY/PROYECTO%20FISCALIA/dashboard/frontend/node_modules/@vitejs/plugin-react/dist/index.js:76:7)
    at file:///C:/Users/USUARIO/Desktop/CODIGO/ANTIGRAVITY/PROYECTO%20FISCALIA/dashboard/frontend/node_modules/vite/dist/node/chunks/config.js:33689:28
    at onRollupLog (file:///C:/Users/USUARIO/Desktop/CODIGO/ANTIGRAVITY/PROYECTO%20FISCALIA/dashboard/frontend/node_modules/vite/dist/node/chunks/config.js:33684:63)
    at onLog (file:///C:/Users/USUARIO/Desktop/CODIGO/ANTIGRAVITY/PROYECTO%20FISCALIA/dashboard/frontend/node_modules/vite/dist/node/chunks/config.js:33487:4)
    at file:///C:/Users/USUARIO/Desktop/CODIGO/ANTIGRAVITY/PROYECTO%20FISCALIA/dashboard/frontend/node_modules/rollup/dist/es/shared/node-entry.js:21389:32
    at Object.logger [as onLog] (file:///C:/Users/USUARIO/Desktop/CODIGO/ANTIGRAVITY/PROYECTO%20FISCALIA/dashboard/frontend/node_modules/rollup/dist/es/shared/node-entry.js:23384:9)
    at ModuleLoader.handleInvalidResolvedId (file:///C:/Users/USUARIO/Desktop/CODIGO/ANTIGRAVITY/PROYECTO%20FISCALIA/dashboard/frontend/node_modules/rollup/dist/es/shared/node-entry.js:22128:26)
    at file:///C:/Users/USUARIO/Desktop/CODIGO/ANTIGRAVITY/PROYECTO%20FISCALIA/dashboard/frontend/node_modules/rollup/dist/es/shared/node-entry.js:22086:26[39m
